#-----------------------------------------------------------
# Vivado v2024.1.1 (64-bit)
# SW Build 5094488 on Fri Jun 14 08:59:21 MDT 2024
# IP Build 5091682 on Fri Jun 14 16:55:04 MDT 2024
# SharedData Build 5094118 on Fri Jun 14 01:09:43 MDT 2024
# Start of session at: Wed Oct 16 11:52:29 2024
# Process ID: 4068
# Current directory: C:/Users/aleva/OneDrive/Documenti/Politecnico/Dottorato/Progetti/Vivado/LSTM_ACCELERATOR/LSTM_ACCELERATOR.runs/synth_1
# Command line: vivado.exe -log LSTM_ACCELERATOR.vds -product Vivado -mode batch -messageDb vivado.pb -notrace -source LSTM_ACCELERATOR.tcl
# Log file: C:/Users/aleva/OneDrive/Documenti/Politecnico/Dottorato/Progetti/Vivado/LSTM_ACCELERATOR/LSTM_ACCELERATOR.runs/synth_1/LSTM_ACCELERATOR.vds
# Journal file: C:/Users/aleva/OneDrive/Documenti/Politecnico/Dottorato/Progetti/Vivado/LSTM_ACCELERATOR/LSTM_ACCELERATOR.runs/synth_1\vivado.jou
# Running On        :LAPTOP-0EGU0TU7
# Platform          :Windows Server 2016 or Windows 10
# Operating System  :22631
# Processor Detail  :Intel(R) Core(TM) i7-10750H CPU @ 2.60GHz
# CPU Frequency     :2592 MHz
# CPU Physical cores:6
# CPU Logical cores :12
# Host memory       :25597 MB
# Swap memory       :1610 MB
# Total Virtual     :27207 MB
# Available Virtual :12352 MB
#-----------------------------------------------------------
source LSTM_ACCELERATOR.tcl -notrace
